kotlin version: 2.1.10
error message: org.jetbrains.kotlin.backend.common.BackendException: Backend Internal error: Exception during IR lowering
File being compiled: C:/Users/lisho/AndroidStudioProjects/valentinesgarage2/app/src/main/java/com/example/valentinesgarage/presentation/fragments/ReportsFragment.kt
The root cause java.lang.RuntimeException was thrown at: org.jetbrains.kotlin.backend.jvm.codegen.FunctionCodegen.generate(FunctionCodegen.kt:48)
	at org.jetbrains.kotlin.backend.common.CodegenUtil.reportBackendException(CodegenUtil.kt:253)
	at org.jetbrains.kotlin.backend.common.CodegenUtil.reportBackendException$default(CodegenUtil.kt:236)
	at org.jetbrains.kotlin.backend.common.phaser.PerformByIrFilePhase.invokeSequential(performByIrFile.kt:55)
	at org.jetbrains.kotlin.backend.common.phaser.PerformByIrFilePhase.invoke(performByIrFile.kt:42)
	at org.jetbrains.kotlin.backend.common.phaser.PerformByIrFilePhase.invoke(performByIrFile.kt:28)
	at org.jetbrains.kotlin.backend.common.phaser.NamedCompilerPhase.phaseBody(CompilerPhase.kt:166)
	at org.jetbrains.kotlin.backend.common.phaser.AbstractNamedCompilerPhase.invoke(CompilerPhase.kt:113)
	at org.jetbrains.kotlin.backend.common.phaser.CompositePhase.invoke(PhaseBuilders.kt:27)
	at org.jetbrains.kotlin.backend.common.phaser.CompositePhase.invoke(PhaseBuilders.kt:14)
	at org.jetbrains.kotlin.backend.common.phaser.NamedCompilerPhase.phaseBody(CompilerPhase.kt:166)
	at org.jetbrains.kotlin.backend.common.phaser.AbstractNamedCompilerPhase.invoke(CompilerPhase.kt:113)
	at org.jetbrains.kotlin.backend.common.phaser.CompilerPhaseKt.invokeToplevel(CompilerPhase.kt:62)
	at org.jetbrains.kotlin.backend.jvm.JvmIrCodegenFactory.invokeCodegen(JvmIrCodegenFactory.kt:371)
	at org.jetbrains.kotlin.codegen.CodegenFactory.generateModule(CodegenFactory.kt:47)
	at org.jetbrains.kotlin.backend.jvm.JvmIrCodegenFactory.generateModuleInFrontendIRMode(JvmIrCodegenFactory.kt:433)
	at org.jetbrains.kotlin.cli.jvm.compiler.pipeline.JvmCompilerPipelineKt.generateCodeFromIr(jvmCompilerPipeline.kt:192)
	at org.jetbrains.kotlin.cli.jvm.compiler.pipeline.JvmCompilerPipelineKt.runBackend(jvmCompilerPipeline.kt:80)
	at org.jetbrains.kotlin.cli.jvm.compiler.pipeline.JvmCompilerPipelineLightTreeKt.compileModule(jvmCompilerPipelineLightTree.kt:264)
	at org.jetbrains.kotlin.cli.jvm.compiler.pipeline.JvmCompilerPipelineLightTreeKt.compileSingleModuleUsingFrontendIrAndLightTree(jvmCompilerPipelineLightTree.kt:231)
	at org.jetbrains.kotlin.cli.jvm.compiler.pipeline.JvmCompilerPipelineLightTreeKt.compileModulesUsingFrontendIrAndLightTree(jvmCompilerPipelineLightTree.kt:86)
	at org.jetbrains.kotlin.cli.jvm.K2JVMCompiler.doExecute(K2JVMCompiler.kt:146)
	at org.jetbrains.kotlin.cli.jvm.K2JVMCompiler.doExecute(K2JVMCompiler.kt:43)
	at org.jetbrains.kotlin.cli.common.CLICompiler.execImpl(CLICompiler.kt:102)
	at org.jetbrains.kotlin.cli.common.CLICompiler.exec(CLICompiler.kt:316)
	at org.jetbrains.kotlin.incremental.IncrementalJvmCompilerRunner.runCompiler(IncrementalJvmCompilerRunner.kt:464)
	at org.jetbrains.kotlin.incremental.IncrementalJvmCompilerRunner.runCompiler(IncrementalJvmCompilerRunner.kt:73)
	at org.jetbrains.kotlin.incremental.IncrementalCompilerRunner.doCompile(IncrementalCompilerRunner.kt:506)
	at org.jetbrains.kotlin.incremental.IncrementalCompilerRunner.compileImpl(IncrementalCompilerRunner.kt:423)
	at org.jetbrains.kotlin.incremental.IncrementalCompilerRunner.compileNonIncrementally(IncrementalCompilerRunner.kt:301)
	at org.jetbrains.kotlin.incremental.IncrementalCompilerRunner.compile(IncrementalCompilerRunner.kt:129)
	at org.jetbrains.kotlin.daemon.CompileServiceImplBase.execIncrementalCompiler(CompileServiceImpl.kt:683)
	at org.jetbrains.kotlin.daemon.CompileServiceImplBase.access$execIncrementalCompiler(CompileServiceImpl.kt:91)
	at org.jetbrains.kotlin.daemon.CompileServiceImpl.compile(CompileServiceImpl.kt:1811)
	at java.base/jdk.internal.reflect.DirectMethodHandleAccessor.invoke(Unknown Source)
	at java.base/java.lang.reflect.Method.invoke(Unknown Source)
	at java.rmi/sun.rmi.server.UnicastServerRef.dispatch(Unknown Source)
	at java.rmi/sun.rmi.transport.Transport$1.run(Unknown Source)
	at java.rmi/sun.rmi.transport.Transport$1.run(Unknown Source)
	at java.base/java.security.AccessController.doPrivileged(Unknown Source)
	at java.rmi/sun.rmi.transport.Transport.serviceCall(Unknown Source)
	at java.rmi/sun.rmi.transport.tcp.TCPTransport.handleMessages(Unknown Source)
	at java.rmi/sun.rmi.transport.tcp.TCPTransport$ConnectionHandler.run0(Unknown Source)
	at java.rmi/sun.rmi.transport.tcp.TCPTransport$ConnectionHandler.lambda$run$0(Unknown Source)
	at java.base/java.security.AccessController.doPrivileged(Unknown Source)
	at java.rmi/sun.rmi.transport.tcp.TCPTransport$ConnectionHandler.run(Unknown Source)
	at java.base/java.util.concurrent.ThreadPoolExecutor.runWorker(Unknown Source)
	at java.base/java.util.concurrent.ThreadPoolExecutor$Worker.run(Unknown Source)
	at java.base/java.lang.Thread.run(Unknown Source)
Caused by: java.lang.RuntimeException: Exception while generating code for:
FUN name:updateTruckStatusDisplay visibility:private modality:FINAL <> ($this:com.example.valentinesgarage.presentation.fragments.ReportsFragment, report:kotlin.collections.List<kotlin.Pair<kotlin.String, kotlin.Int>>) returnType:kotlin.Unit
  $this: VALUE_PARAMETER name:<this> type:com.example.valentinesgarage.presentation.fragments.ReportsFragment
  VALUE_PARAMETER name:report index:0 type:kotlin.collections.List<kotlin.Pair<kotlin.String, kotlin.Int>>
  BLOCK_BODY
    VAR name:container type:android.widget.LinearLayout [val]
      BLOCK type=android.widget.LinearLayout origin=null
        VAR IR_TEMPORARY_VARIABLE name:tmp0 type:kotlin.Any? [val]
          GET_FIELD 'FIELD IR_EXTERNAL_JAVA_DECLARATION_STUB name:truckStatusContainer type:@[EnhancedNullability] android.widget.LinearLayout visibility:public [final] declared in com.example.valentinesgarage.databinding.FragmentReportsBinding' type=@[EnhancedNullability] android.widget.LinearLayout superQualifierSymbol=com.example.valentinesgarage.databinding.FragmentReportsBinding origin=null
            receiver: CALL 'private final fun <get-binding> (): com.example.valentinesgarage.databinding.FragmentReportsBinding declared in com.example.valentinesgarage.presentation.fragments.ReportsFragment' type=com.example.valentinesgarage.databinding.FragmentReportsBinding origin=GET_PROPERTY
              $this: GET_VAR '<this>: com.example.valentinesgarage.presentation.fragments.ReportsFragment declared in com.example.valentinesgarage.presentation.fragments.ReportsFragment.updateTruckStatusDisplay' type=com.example.valentinesgarage.presentation.fragments.ReportsFragment origin=null
        CALL 'public final fun checkNotNullExpressionValue (value: kotlin.Any?, expression: kotlin.String): kotlin.Unit declared in kotlin.jvm.internal.Intrinsics' type=kotlin.Unit origin=null
          value: GET_VAR 'val tmp0: kotlin.Any? [val] declared in com.example.valentinesgarage.presentation.fragments.ReportsFragment.updateTruckStatusDisplay' type=kotlin.Any? origin=null
          expression: CONST String type=kotlin.String value="truckStatusContainer"
        GET_VAR 'val tmp0: kotlin.Any? [val] declared in com.example.valentinesgarage.presentation.fragments.ReportsFragment.updateTruckStatusDisplay' type=kotlin.Any? origin=null
    CALL 'public open fun removeAllViews (): kotlin.Unit [fake_override] declared in android.widget.LinearLayout' type=kotlin.Unit origin=null
      $this: GET_VAR 'val container: android.widget.LinearLayout [val] declared in com.example.valentinesgarage.presentation.fragments.ReportsFragment.updateTruckStatusDisplay' type=android.widget.LinearLayout origin=null
    WHEN type=kotlin.Unit origin=IF
      BRANCH
        if: CALL 'public final fun OROR (arg0: kotlin.Boolean, arg1: kotlin.Boolean): kotlin.Boolean declared in kotlin.internal.ir' type=kotlin.Boolean origin=null
          arg0: CALL 'public abstract fun isEmpty (): kotlin.Boolean declared in kotlin.collections.List' type=kotlin.Boolean origin=null
            $this: GET_VAR 'report: kotlin.collections.List<kotlin.Pair<kotlin.String, kotlin.Int>> declared in com.example.valentinesgarage.presentation.fragments.ReportsFragment.updateTruckStatusDisplay' type=kotlin.collections.List<kotlin.Pair<kotlin.String, kotlin.Int>> origin=null
          arg1: CALL 'public final fun all <T> (predicate: kotlin.Function1<T of kotlin.collections.CollectionsKt.all, kotlin.Boolean>): kotlin.Boolean [inline] declared in kotlin.collections.CollectionsKt' type=kotlin.Boolean origin=null
            <T>: kotlin.Pair<kotlin.String, kotlin.Int>
            $receiver: GET_VAR 'report: kotlin.collections.List<kotlin.Pair<kotlin.String, kotlin.Int>> declared in com.example.valentinesgarage.presentation.fragments.ReportsFragment.updateTruckStatusDisplay' type=kotlin.collections.List<kotlin.Pair<kotlin.String, kotlin.Int>> origin=null
            predicate: BLOCK type=kotlin.Function1<kotlin.Pair<kotlin.String, kotlin.Int>, kotlin.Boolean> origin=LAMBDA
              COMPOSITE type=kotlin.Unit origin=null
              FUNCTION_REFERENCE 'private final fun updateTruckStatusDisplay$lambda$11 (it: kotlin.Pair<kotlin.String, kotlin.Int>): kotlin.Boolean declared in com.example.valentinesgarage.presentation.fragments.ReportsFragment' type=kotlin.Function1<kotlin.Pair<kotlin.String, kotlin.Int>, kotlin.Boolean> origin=INLINE_LAMBDA reflectionTarget=null
        then: BLOCK type=kotlin.Unit origin=null
          CALL 'private final fun addEmptyMessage (container: android.widget.LinearLayout, message: kotlin.String): kotlin.Unit declared in com.example.valentinesgarage.presentation.fragments.ReportsFragment' type=kotlin.Unit origin=null
            $this: GET_VAR '<this>: com.example.valentinesgarage.presentation.fragments.ReportsFragment declared in com.example.valentinesgarage.presentation.fragments.ReportsFragment.updateTruckStatusDisplay' type=com.example.valentinesgarage.presentation.fragments.ReportsFragment origin=null
            container: GET_VAR 'val container: android.widget.LinearLayout [val] declared in com.example.valentinesgarage.presentation.fragments.ReportsFragment.updateTruckStatusDisplay' type=android.widget.LinearLayout origin=null
            message: CONST String type=kotlin.String value="No status data available. Click 'Generate Report' to load data."
          RETURN type=kotlin.Nothing from='private final fun updateTruckStatusDisplay (report: kotlin.collections.List<kotlin.Pair<kotlin.String, kotlin.Int>>): kotlin.Unit declared in com.example.valentinesgarage.presentation.fragments.ReportsFragment'
            GET_FIELD 'FIELD FIELD_FOR_OBJECT_INSTANCE name:INSTANCE type:kotlin.Unit visibility:public [final,static] declared in kotlin.Unit' type=kotlin.Unit origin=null
    VAR name:maxCount type:kotlin.Float [val]
      CALL 'public open fun toFloat (): kotlin.Float declared in kotlin.Int' type=kotlin.Float origin=null
        $this: CALL 'public final fun maxOf <T, R> (selector: kotlin.Function1<T of kotlin.collections.CollectionsKt.maxOf, R of kotlin.collections.CollectionsKt.maxOf>): R of kotlin.collections.CollectionsKt.maxOf [inline] declared in kotlin.collections.CollectionsKt' type=kotlin.Int origin=null
          <T>: kotlin.Pair<kotlin.String, kotlin.Int>
          <R>: kotlin.Int
          $receiver: GET_VAR 'report: kotlin.collections.List<kotlin.Pair<kotlin.String, kotlin.Int>> declared in com.example.valentinesgarage.presentation.fragments.ReportsFragment.updateTruckStatusDisplay' type=kotlin.collections.List<kotlin.Pair<kotlin.String, kotlin.Int>> origin=null
          selector: BLOCK type=kotlin.Function1<kotlin.Pair<kotlin.String, kotlin.Int>, kotlin.Int> origin=LAMBDA
            COMPOSITE type=kotlin.Unit origin=null
            FUNCTION_REFERENCE 'private final fun updateTruckStatusDisplay$lambda$12 (it: kotlin.Pair<kotlin.String, kotlin.Int>): kotlin.Int declared in com.example.valentinesgarage.presentation.fragments.ReportsFragment' type=kotlin.Function1<kotlin.Pair<kotlin.String, kotlin.Int>, kotlin.Int> origin=INLINE_LAMBDA reflectionTarget=null
    CALL 'public final fun forEach <T> (action: kotlin.Function1<T of kotlin.collections.CollectionsKt.forEach, kotlin.Unit>): kotlin.Unit [inline] declared in kotlin.collections.CollectionsKt' type=kotlin.Unit origin=null
      <T>: kotlin.Pair<kotlin.String, kotlin.Int>
      $receiver: GET_VAR 'report: kotlin.collections.List<kotlin.Pair<kotlin.String, kotlin.Int>> declared in com.example.valentinesgarage.presentation.fragments.ReportsFragment.updateTruckStatusDisplay' type=kotlin.collections.List<kotlin.Pair<kotlin.String, kotlin.Int>> origin=null
      action: BLOCK type=kotlin.Function1<kotlin.Pair<kotlin.String, kotlin.Int>, kotlin.Unit> origin=LAMBDA
        COMPOSITE type=kotlin.Unit origin=null
        FUNCTION_REFERENCE 'private final fun updateTruckStatusDisplay$lambda$21 (this$0: com.example.valentinesgarage.presentation.fragments.ReportsFragment, $container: android.widget.LinearLayout, $maxCount: kotlin.Float, <destruct>: kotlin.Pair<kotlin.String, kotlin.Int>): kotlin.Unit declared in com.example.valentinesgarage.presentation.fragments.ReportsFragment' type=kotlin.Function1<kotlin.Pair<kotlin.String, kotlin.Int>, kotlin.Unit> origin=INLINE_LAMBDA reflectionTarget=null
          this$0: GET_VAR '<this>: com.example.valentinesgarage.presentation.fragments.ReportsFragment declared in com.example.valentinesgarage.presentation.fragments.ReportsFragment.updateTruckStatusDisplay' type=com.example.valentinesgarage.presentation.fragments.ReportsFragment origin=null
          $container: GET_VAR 'val container: android.widget.LinearLayout [val] declared in com.example.valentinesgarage.presentation.fragments.ReportsFragment.updateTruckStatusDisplay' type=android.widget.LinearLayout origin=null
          $maxCount: GET_VAR 'val maxCount: kotlin.Float [val] declared in com.example.valentinesgarage.presentation.fragments.ReportsFragment.updateTruckStatusDisplay' type=kotlin.Float origin=null

	at org.jetbrains.kotlin.backend.jvm.codegen.FunctionCodegen.generate(FunctionCodegen.kt:48)
	at org.jetbrains.kotlin.backend.jvm.codegen.FunctionCodegen.generate$default(FunctionCodegen.kt:41)
	at org.jetbrains.kotlin.backend.jvm.codegen.ClassCodegen.generateMethodNode(ClassCodegen.kt:407)
	at org.jetbrains.kotlin.backend.jvm.codegen.ClassCodegen.generateMethod(ClassCodegen.kt:424)
	at org.jetbrains.kotlin.backend.jvm.codegen.ClassCodegen.generate(ClassCodegen.kt:169)
	at org.jetbrains.kotlin.backend.jvm.FileCodegen.lower(JvmPhases.kt:39)
	at org.jetbrains.kotlin.backend.common.phaser.PhaseFactoriesKt.createFilePhase$lambda$4(PhaseFactories.kt:71)
	at org.jetbrains.kotlin.backend.common.phaser.PhaseBuildersKt$createSimpleNamedCompilerPhase$1.phaseBody(PhaseBuilders.kt:69)
	at org.jetbrains.kotlin.backend.common.phaser.SimpleNamedCompilerPhase.phaseBody(CompilerPhase.kt:226)
	at org.jetbrains.kotlin.backend.common.phaser.AbstractNamedCompilerPhase.invoke(CompilerPhase.kt:113)
	at org.jetbrains.kotlin.backend.common.phaser.PerformByIrFilePhase.invokeSequential(performByIrFile.kt:52)
	... 45 more
Caused by: java.lang.RuntimeException: Exception while generating code for:
FUN INLINE_LAMBDA name:updateTruckStatusDisplay$lambda$21 visibility:private modality:FINAL <> (this$0:com.example.valentinesgarage.presentation.fragments.ReportsFragment, $container:android.widget.LinearLayout, $maxCount:kotlin.Float, <destruct>:kotlin.Pair<kotlin.String, kotlin.Int>) returnType:kotlin.Unit
  VALUE_PARAMETER BOUND_VALUE_PARAMETER name:this$0 index:0 type:com.example.valentinesgarage.presentation.fragments.ReportsFragment
  VALUE_PARAMETER BOUND_VALUE_PARAMETER name:$container index:1 type:android.widget.LinearLayout
  VALUE_PARAMETER BOUND_VALUE_PARAMETER name:$maxCount index:2 type:kotlin.Float
  VALUE_PARAMETER DESTRUCTURED_OBJECT_PARAMETER name:<destruct> index:3 type:kotlin.Pair<kotlin.String, kotlin.Int>
  BLOCK_BODY
    VAR name:$i$a$-forEach-ReportsFragment$updateTruckStatusDisplay$2 type:kotlin.Int [val]
      CONST Int type=kotlin.Int value=0
    VAR name:status type:kotlin.String [val]
      CALL 'public final fun component1 (): A of kotlin.Pair [operator] declared in kotlin.Pair' type=kotlin.String origin=COMPONENT_N(index=1)
        $this: GET_VAR '<destruct>: kotlin.Pair<kotlin.String, kotlin.Int> declared in com.example.valentinesgarage.presentation.fragments.ReportsFragment.updateTruckStatusDisplay$lambda$21' type=kotlin.Pair<kotlin.String, kotlin.Int> origin=null
    VAR name:count type:kotlin.Int [val]
      CALL 'public final fun component2 (): B of kotlin.Pair [operator] declared in kotlin.Pair' type=kotlin.Int origin=COMPONENT_N(index=2)
        $this: GET_VAR '<destruct>: kotlin.Pair<kotlin.String, kotlin.Int> declared in com.example.valentinesgarage.presentation.fragments.ReportsFragment.updateTruckStatusDisplay$lambda$21' type=kotlin.Pair<kotlin.String, kotlin.Int> origin=null
    BLOCK type=kotlin.Unit origin=null
      VAR name:row type:android.widget.LinearLayout [val]
        CALL 'public final fun apply <T> (block: @[ExtensionFunctionType] kotlin.Function1<T of kotlin.StandardKt.apply, kotlin.Unit>): T of kotlin.StandardKt.apply [inline] declared in kotlin.StandardKt' type=android.widget.LinearLayout origin=null
          <T>: android.widget.LinearLayout
          $receiver: CONSTRUCTOR_CALL 'public constructor <init> (p0: @[FlexibleNullability] android.content.Context?) declared in android.widget.LinearLayout' type=android.widget.LinearLayout origin=null
            p0: CALL 'public final fun requireContext (): @[EnhancedNullability] android.content.Context [fake_override] declared in com.example.valentinesgarage.presentation.fragments.ReportsFragment' type=@[EnhancedNullability] android.content.Context origin=null
              $this: GET_VAR 'this$0: com.example.valentinesgarage.presentation.fragments.ReportsFragment declared in com.example.valentinesgarage.presentation.fragments.ReportsFragment.updateTruckStatusDisplay$lambda$21' type=com.example.valentinesgarage.presentation.fragments.ReportsFragment origin=null
          block: BLOCK type=@[ExtensionFunctionType] kotlin.Function1<android.widget.LinearLayout, kotlin.Unit> origin=LAMBDA
            COMPOSITE type=kotlin.Unit origin=null
            FUNCTION_REFERENCE 'private final fun updateTruckStatusDisplay$lambda$21$lambda$14 (): kotlin.Unit declared in com.example.valentinesgarage.presentation.fragments.ReportsFragment' type=@[ExtensionFunctionType] kotlin.Function1<android.widget.LinearLayout, kotlin.Unit> origin=INLINE_LAMBDA reflectionTarget=null
      VAR name:headerRow type:android.widget.LinearLayout [val]
        CALL 'public final fun apply <T> (block: @[ExtensionFunctionType] kotlin.Function1<T of kotlin.StandardKt.apply, kotlin.Unit>): T of kotlin.StandardKt.apply [inline] declared in kotlin.StandardKt' type=android.widget.LinearLayout origin=null
          <T>: android.widget.LinearLayout
          $receiver: CONSTRUCTOR_CALL 'public constructor <init> (p0: @[FlexibleNullability] android.content.Context?) declared in android.widget.LinearLayout' type=android.widget.LinearLayout origin=null
            p0: CALL 'public final fun requireContext (): @[EnhancedNullability] android.content.Context [fake_override] declared in com.example.valentinesgarage.presentation.fragments.ReportsFragment' type=@[EnhancedNullability] android.content.Context origin=null
              $this: GET_VAR 'this$0: com.example.valentinesgarage.presentation.fragments.ReportsFragment declared in com.example.valentinesgarage.presentation.fragments.ReportsFragment.updateTruckStatusDisplay$lambda$21' type=com.example.valentinesgarage.presentation.fragments.ReportsFragment origin=null
          block: BLOCK type=@[ExtensionFunctionType] kotlin.Function1<android.widget.LinearLayout, kotlin.Unit> origin=LAMBDA
            COMPOSITE type=kotlin.Unit origin=null
            FUNCTION_REFERENCE 'private final fun updateTruckStatusDisplay$lambda$21$lambda$15 (): kotlin.Unit declared in com.example.valentinesgarage.presentation.fragments.ReportsFragment' type=@[ExtensionFunctionType] kotlin.Function1<android.widget.LinearLayout, kotlin.Unit> origin=INLINE_LAMBDA reflectionTarget=null
      VAR name:statusText type:android.widget.TextView [val]
        CALL 'public final fun apply <T> (block: @[ExtensionFunctionType] kotlin.Function1<T of kotlin.StandardKt.apply, kotlin.Unit>): T of kotlin.StandardKt.apply [inline] declared in kotlin.StandardKt' type=android.widget.TextView origin=null
          <T>: android.widget.TextView
          $receiver: CONSTRUCTOR_CALL 'public constructor <init> (p0: @[FlexibleNullability] android.content.Context?) declared in android.widget.TextView' type=android.widget.TextView origin=null
            p0: CALL 'public final fun requireContext (): @[EnhancedNullability] android.content.Context [fake_override] declared in com.example.valentinesgarage.presentation.fragments.ReportsFragment' type=@[EnhancedNullability] android.content.Context origin=null
              $this: GET_VAR 'this$0: com.example.valentinesgarage.presentation.fragments.ReportsFragment declared in com.example.valentinesgarage.presentation.fragments.ReportsFragment.updateTruckStatusDisplay$lambda$21' type=com.example.valentinesgarage.presentation.fragments.ReportsFragment origin=null
          block: BLOCK type=@[ExtensionFunctionType] kotlin.Function1<android.widget.TextView, kotlin.Unit> origin=LAMBDA
            COMPOSITE type=kotlin.Unit origin=null
            FUNCTION_REFERENCE 'private final fun updateTruckStatusDisplay$lambda$21$lambda$17 ($status: kotlin.String, this$0: com.example.valentinesgarage.presentation.fragments.ReportsFragment): kotlin.Unit declared in com.example.valentinesgarage.presentation.fragments.ReportsFragment' type=@[ExtensionFunctionType] kotlin.Function1<android.widget.TextView, kotlin.Unit> origin=INLINE_LAMBDA reflectionTarget=null
              $status: GET_VAR 'val status: kotlin.String [val] declared in com.example.valentinesgarage.presentation.fragments.ReportsFragment.updateTruckStatusDisplay$lambda$21' type=kotlin.String origin=null
              this$0: GET_VAR 'this$0: com.example.valentinesgarage.presentation.fragments.ReportsFragment declared in com.example.valentinesgarage.presentation.fragments.ReportsFragment.updateTruckStatusDisplay$lambda$21' type=com.example.valentinesgarage.presentation.fragments.ReportsFragment origin=null
      VAR name:countText type:android.widget.TextView [val]
        CALL 'public final fun apply <T> (block: @[ExtensionFunctionType] kotlin.Function1<T of kotlin.StandardKt.apply, kotlin.Unit>): T of kotlin.StandardKt.apply [inline] declared in kotlin.StandardKt' type=android.widget.TextView origin=null
          <T>: android.widget.TextView
          $receiver: CONSTRUCTOR_CALL 'public constructor <init> (p0: @[FlexibleNullability] android.content.Context?) declared in android.widget.TextView' type=android.widget.TextView origin=null
            p0: CALL 'public final fun requireContext (): @[EnhancedNullability] android.content.Context [fake_override] declared in com.example.valentinesgarage.presentation.fragments.ReportsFragment' type=@[EnhancedNullability] android.content.Context origin=null
              $this: GET_VAR 'this$0: com.example.valentinesgarage.presentation.fragments.ReportsFragment declared in com.example.valentinesgarage.presentation.fragments.ReportsFragment.updateTruckStatusDisplay$lambda$21' type=com.example.valentinesgarage.presentation.fragments.ReportsFragment origin=null
          block: BLOCK type=@[ExtensionFunctionType] kotlin.Function1<android.widget.TextView, kotlin.Unit> origin=LAMBDA
            COMPOSITE type=kotlin.Unit origin=null
            FUNCTION_REFERENCE 'private final fun updateTruckStatusDisplay$lambda$21$lambda$18 ($count: kotlin.Int, this$0: com.example.valentinesgarage.presentation.fragments.ReportsFragment): kotlin.Unit declared in com.example.valentinesgarage.presentation.fragments.ReportsFragment' type=@[ExtensionFunctionType] kotlin.Function1<android.widget.TextView, kotlin.Unit> origin=INLINE_LAMBDA reflectionTarget=null
              $count: GET_VAR 'val count: kotlin.Int [val] declared in com.example.valentinesgarage.presentation.fragments.ReportsFragment.updateTruckStatusDisplay$lambda$21' type=kotlin.Int origin=null
              this$0: GET_VAR 'this$0: com.example.valentinesgarage.presentation.fragments.ReportsFragment declared in com.example.valentinesgarage.presentation.fragments.ReportsFragment.updateTruckStatusDisplay$lambda$21' type=com.example.valentinesgarage.presentation.fragments.ReportsFragment origin=null
      CALL 'public open fun addView (p0: @[FlexibleNullability] android.view.View?): kotlin.Unit [fake_override] declared in android.widget.LinearLayout' type=kotlin.Unit origin=null
        $this: GET_VAR 'val headerRow: android.widget.LinearLayout [val] declared in com.example.valentinesgarage.presentation.fragments.ReportsFragment.updateTruckStatusDisplay$lambda$21' type=android.widget.LinearLayout origin=null
        p0: GET_VAR 'val statusText: android.widget.TextView [val] declared in com.example.valentinesgarage.presentation.fragments.ReportsFragment.updateTruckStatusDisplay$lambda$21' type=android.widget.TextView origin=null
      CALL 'public open fun addView (p0: @[FlexibleNullability] android.view.View?): kotlin.Unit [fake_override] declared in android.widget.LinearLayout' type=kotlin.Unit origin=null
        $this: GET_VAR 'val headerRow: android.widget.LinearLayout [val] declared in com.example.valentinesgarage.presentation.fragments.ReportsFragment.updateTruckStatusDisplay$lambda$21' type=android.widget.LinearLayout origin=null
        p0: GET_VAR 'val countText: android.widget.TextView [val] declared in com.example.valentinesgarage.presentation.fragments.ReportsFragment.updateTruckStatusDisplay$lambda$21' type=android.widget.TextView origin=null
      VAR name:progressBar type:android.widget.ProgressBar [val]
        CALL 'public final fun apply <T> (block: @[ExtensionFunctionType] kotlin.Function1<T of kotlin.StandardKt.apply, kotlin.Unit>): T of kotlin.StandardKt.apply [inline] declared in kotlin.StandardKt' type=android.widget.ProgressBar origin=null
          <T>: android.widget.ProgressBar
          $receiver: CONSTRUCTOR_CALL 'public constructor <init> (p0: @[FlexibleNullability] android.content.Context?, p1: @[FlexibleNullability] android.util.AttributeSet?, p2: kotlin.Int) declared in android.widget.ProgressBar' type=android.widget.ProgressBar origin=null
            p0: CALL 'public final fun requireContext (): @[EnhancedNullability] android.content.Context [fake_override] declared in com.example.valentinesgarage.presentation.fragments.ReportsFragment' type=@[EnhancedNullability] android.content.Context origin=null
              $this: GET_VAR 'this$0: com.example.valentinesgarage.presentation.fragments.ReportsFragment declared in com.example.valentinesgarage.presentation.fragments.ReportsFragment.updateTruckStatusDisplay$lambda$21' type=com.example.valentinesgarage.presentation.fragments.ReportsFragment origin=null
            p1: CONST Null type=kotlin.Nothing? value=null
            p2: CONST Int type=kotlin.Int value=16842872
          block: BLOCK type=@[ExtensionFunctionType] kotlin.Function1<android.widget.ProgressBar, kotlin.Unit> origin=LAMBDA
            COMPOSITE type=kotlin.Unit origin=null
            FUNCTION_REFERENCE 'private final fun updateTruckStatusDisplay$lambda$21$lambda$20 ($maxCount: kotlin.Float, $count: kotlin.Int, this$0: com.example.valentinesgarage.presentation.fragments.ReportsFragment): kotlin.Unit declared in com.example.valentinesgarage.presentation.fragments.ReportsFragment' type=@[ExtensionFunctionType] kotlin.Function1<android.widget.ProgressBar, kotlin.Unit> origin=INLINE_LAMBDA reflectionTarget=null
              $maxCount: GET_VAR '$maxCount: kotlin.Float declared in com.example.valentinesgarage.presentation.fragments.ReportsFragment.updateTruckStatusDisplay$lambda$21' type=kotlin.Float origin=null
              $count: GET_VAR 'val count: kotlin.Int [val] declared in com.example.valentinesgarage.presentation.fragments.ReportsFragment.updateTruckStatusDisplay$lambda$21' type=kotlin.Int origin=null
              this$0: GET_VAR 'this$0: com.example.valentinesgarage.presentation.fragments.ReportsFragment declared in com.example.valentinesgarage.presentation.fragments.ReportsFragment.updateTruckStatusDisplay$lambda$21' type=com.example.valentinesgarage.presentation.fragments.ReportsFragment origin=null
      CALL 'public open fun addView (p0: @[FlexibleNullability] android.view.View?): kotlin.Unit [fake_override] declared in android.widget.LinearLayout' type=kotlin.Unit origin=null
        $this: GET_VAR 'val row: android.widget.LinearLayout [val] declared in com.example.valentinesgarage.presentation.fragments.ReportsFragment.updateTruckStatusDisplay$lambda$21' type=android.widget.LinearLayout origin=null
        p0: GET_VAR 'val headerRow: android.widget.LinearLayout [val] declared in com.example.valentinesgarage.presentation.fragments.ReportsFragment.updateTruckStatusDisplay$lambda$21' type=android.widget.LinearLayout origin=null
      CALL 'public open fun addView (p0: @[FlexibleNullability] android.view.View?): kotlin.Unit [fake_override] declared in android.widget.LinearLayout' type=kotlin.Unit origin=null
        $this: GET_VAR 'val row: android.widget.LinearLayout [val] declared in com.example.valentinesgarage.presentation.fragments.ReportsFragment.updateTruckStatusDisplay$lambda$21' type=android.widget.LinearLayout origin=null
        p0: GET_VAR 'val progressBar: android.widget.ProgressBar [val] declared in com.example.valentinesgarage.presentation.fragments.ReportsFragment.updateTruckStatusDisplay$lambda$21' type=android.widget.ProgressBar origin=null
      CALL 'public open fun addView (p0: @[FlexibleNullability] android.view.View?): kotlin.Unit [fake_override] declared in android.widget.LinearLayout' type=kotlin.Unit origin=null
        $this: GET_VAR '$container: android.widget.LinearLayout declared in com.example.valentinesgarage.presentation.fragments.ReportsFragment.updateTruckStatusDisplay$lambda$21' type=android.widget.LinearLayout origin=null
        p0: GET_VAR 'val row: android.widget.LinearLayout [val] declared in com.example.valentinesgarage.presentation.fragments.ReportsFragment.updateTruckStatusDisplay$lambda$21' type=android.widget.LinearLayout origin=null

	at org.jetbrains.kotlin.backend.jvm.codegen.FunctionCodegen.generate(FunctionCodegen.kt:48)
	at org.jetbrains.kotlin.backend.jvm.codegen.IrSourceCompilerForInline.generateLambdaBody(IrSourceCompilerForInline.kt:67)
	at org.jetbrains.kotlin.codegen.inline.ExpressionLambda.generateLambdaBody(LambdaInfo.kt:72)
	at org.jetbrains.kotlin.backend.jvm.codegen.IrInlineCodegen.genValueAndPut(IrInlineCodegen.kt:100)
	at org.jetbrains.kotlin.backend.jvm.codegen.ExpressionCodegen.visitCall$handleParameter(ExpressionCodegen.kt:561)
	at org.jetbrains.kotlin.backend.jvm.codegen.ExpressionCodegen.visitCall(ExpressionCodegen.kt:589)
	at org.jetbrains.kotlin.backend.jvm.codegen.ExpressionCodegen.visitCall(ExpressionCodegen.kt:134)
	at org.jetbrains.kotlin.ir.expressions.IrCall.accept(IrCall.kt:24)
	at org.jetbrains.kotlin.backend.jvm.codegen.ExpressionCodegen.visitStatementContainer(ExpressionCodegen.kt:524)
	at org.jetbrains.kotlin.backend.jvm.codegen.ExpressionCodegen.visitBlockBody(ExpressionCodegen.kt:529)
	at org.jetbrains.kotlin.backend.jvm.codegen.ExpressionCodegen.visitBlockBody(ExpressionCodegen.kt:134)
	at org.jetbrains.kotlin.ir.expressions.IrBlockBody.accept(IrBlockBody.kt:20)
	at org.jetbrains.kotlin.backend.jvm.codegen.ExpressionCodegen.generate(ExpressionCodegen.kt:236)
	at org.jetbrains.kotlin.backend.jvm.codegen.FunctionCodegen.doGenerate(FunctionCodegen.kt:124)
	at org.jetbrains.kotlin.backend.jvm.codegen.FunctionCodegen.generate(FunctionCodegen.kt:45)
	... 55 more
Caused by: java.lang.RuntimeException: Exception while generating code for:
FUN INLINE_LAMBDA name:updateTruckStatusDisplay$lambda$21$lambda$18 visibility:private modality:FINAL <> ($receiver:android.widget.TextView, $count:kotlin.Int, this$0:com.example.valentinesgarage.presentation.fragments.ReportsFragment) returnType:kotlin.Unit
  $receiver: VALUE_PARAMETER name:$this$apply type:android.widget.TextView
  VALUE_PARAMETER BOUND_VALUE_PARAMETER name:$count index:0 type:kotlin.Int
  VALUE_PARAMETER BOUND_VALUE_PARAMETER name:this$0 index:1 type:com.example.valentinesgarage.presentation.fragments.ReportsFragment
  BLOCK_BODY
    VAR name:$i$a$-apply-ReportsFragment$updateTruckStatusDisplay$2$countText$1 type:kotlin.Int [val]
      CONST Int type=kotlin.Int value=0
    CALL 'public final fun setText (p0: @[FlexibleNullability] kotlin.CharSequence?): kotlin.Unit declared in android.widget.TextView' type=kotlin.Unit origin=EQ
      $this: GET_VAR '$this$apply: android.widget.TextView declared in com.example.valentinesgarage.presentation.fragments.ReportsFragment.updateTruckStatusDisplay$lambda$21$lambda$18' type=android.widget.TextView origin=null
      p0: CALL 'public final fun valueOf (value: kotlin.Int): kotlin.String declared in java.lang.String' type=kotlin.String origin=null
        value: GET_VAR '$count: kotlin.Int declared in com.example.valentinesgarage.presentation.fragments.ReportsFragment.updateTruckStatusDisplay$lambda$21$lambda$18' type=kotlin.Int origin=null
    CALL 'public open fun setTextSize (p0: kotlin.Float): kotlin.Unit declared in android.widget.TextView' type=kotlin.Unit origin=EQ
      $this: GET_VAR '$this$apply: android.widget.TextView declared in com.example.valentinesgarage.presentation.fragments.ReportsFragment.updateTruckStatusDisplay$lambda$21$lambda$18' type=android.widget.TextView origin=null
      p0: CONST Float type=kotlin.Float value=14.0
    SET_FIELD 'FIELD IR_EXTERNAL_JAVA_DECLARATION_STUB name:textStyle type:kotlin.Int visibility:public [final,static] declared in android.R.attr' type=kotlin.Unit superQualifierSymbol=android.R.attr origin=EQ
      value: CONST Int type=kotlin.Int value=1
    CALL 'public open fun setTextColor (p0: kotlin.Int): kotlin.Unit declared in android.widget.TextView' type=kotlin.Unit origin=null
      $this: GET_VAR '$this$apply: android.widget.TextView declared in com.example.valentinesgarage.presentation.fragments.ReportsFragment.updateTruckStatusDisplay$lambda$21$lambda$18' type=android.widget.TextView origin=null
      p0: CALL 'public open fun getColor (p0: @[EnhancedNullability] android.content.Context, p1: kotlin.Int): kotlin.Int declared in androidx.core.content.ContextCompat' type=kotlin.Int origin=null
        p0: CALL 'public final fun requireContext (): @[EnhancedNullability] android.content.Context [fake_override] declared in com.example.valentinesgarage.presentation.fragments.ReportsFragment' type=@[EnhancedNullability] android.content.Context origin=null
          $this: GET_VAR 'this$0: com.example.valentinesgarage.presentation.fragments.ReportsFragment declared in com.example.valentinesgarage.presentation.fragments.ReportsFragment.updateTruckStatusDisplay$lambda$21$lambda$18' type=com.example.valentinesgarage.presentation.fragments.ReportsFragment origin=null
        p1: GET_FIELD 'FIELD IR_EXTERNAL_JAVA_DECLARATION_STUB name:primary_red type:kotlin.Int visibility:public [static] declared in com.example.valentinesgarage.R.color' type=kotlin.Int superQualifierSymbol=com.example.valentinesgarage.R.color origin=null

	at org.jetbrains.kotlin.backend.jvm.codegen.FunctionCodegen.generate(FunctionCodegen.kt:48)
	at org.jetbrains.kotlin.backend.jvm.codegen.IrSourceCompilerForInline.generateLambdaBody(IrSourceCompilerForInline.kt:67)
	at org.jetbrains.kotlin.codegen.inline.ExpressionLambda.generateLambdaBody(LambdaInfo.kt:72)
	at org.jetbrains.kotlin.backend.jvm.codegen.IrInlineCodegen.genValueAndPut(IrInlineCodegen.kt:100)
	at org.jetbrains.kotlin.backend.jvm.codegen.ExpressionCodegen.visitCall$handleParameter(ExpressionCodegen.kt:561)
	at org.jetbrains.kotlin.backend.jvm.codegen.ExpressionCodegen.visitCall(ExpressionCodegen.kt:589)
	at org.jetbrains.kotlin.backend.jvm.codegen.ExpressionCodegen.visitCall(ExpressionCodegen.kt:134)
	at org.jetbrains.kotlin.ir.expressions.IrCall.accept(IrCall.kt:24)
	at org.jetbrains.kotlin.backend.jvm.codegen.ExpressionCodegen.visitVariable(ExpressionCodegen.kt:735)
	at org.jetbrains.kotlin.backend.jvm.codegen.ExpressionCodegen.visitVariable(ExpressionCodegen.kt:134)
	at org.jetbrains.kotlin.ir.declarations.IrVariable.accept(IrVariable.kt:36)
	at org.jetbrains.kotlin.backend.jvm.codegen.ExpressionCodegen.visitStatementContainer(ExpressionCodegen.kt:524)
	at org.jetbrains.kotlin.backend.jvm.codegen.ExpressionCodegen.visitContainerExpression(ExpressionCodegen.kt:538)
	at org.jetbrains.kotlin.backend.jvm.codegen.ExpressionCodegen.visitContainerExpression(ExpressionCodegen.kt:134)
	at org.jetbrains.kotlin.ir.visitors.IrElementVisitor$DefaultImpls.visitBlock(IrElementVisitor.kt:126)
	at org.jetbrains.kotlin.backend.jvm.codegen.ExpressionCodegen.visitBlock(ExpressionCodegen.kt:409)
	at org.jetbrains.kotlin.backend.jvm.codegen.ExpressionCodegen.visitBlock(ExpressionCodegen.kt:134)
	at org.jetbrains.kotlin.ir.expressions.IrBlock.accept(IrBlock.kt:18)
	at org.jetbrains.kotlin.backend.jvm.codegen.ExpressionCodegen.visitStatementContainer(ExpressionCodegen.kt:524)
	at org.jetbrains.kotlin.backend.jvm.codegen.ExpressionCodegen.visitBlockBody(ExpressionCodegen.kt:529)
	at org.jetbrains.kotlin.backend.jvm.codegen.ExpressionCodegen.visitBlockBody(ExpressionCodegen.kt:134)
	at org.jetbrains.kotlin.ir.expressions.IrBlockBody.accept(IrBlockBody.kt:20)
	at org.jetbrains.kotlin.backend.jvm.codegen.ExpressionCodegen.generate(ExpressionCodegen.kt:236)
	at org.jetbrains.kotlin.backend.jvm.codegen.FunctionCodegen.doGenerate(FunctionCodegen.kt:124)
	at org.jetbrains.kotlin.backend.jvm.codegen.FunctionCodegen.generate(FunctionCodegen.kt:45)
	... 69 more
Caused by: java.lang.AssertionError: access of const val: SET_FIELD 'FIELD IR_EXTERNAL_JAVA_DECLARATION_STUB name:textStyle type:kotlin.Int visibility:public [final,static] declared in android.R.attr' type=kotlin.Unit superQualifierSymbol=android.R.attr origin=EQ
  value: CONST Int type=kotlin.Int value=1

	at org.jetbrains.kotlin.backend.jvm.codegen.ExpressionCodegen.visitFieldAccess(ExpressionCodegen.kt:813)
	at org.jetbrains.kotlin.backend.jvm.codegen.ExpressionCodegen.visitFieldAccess(ExpressionCodegen.kt:134)
	at org.jetbrains.kotlin.ir.visitors.IrElementVisitor$DefaultImpls.visitSetField(IrElementVisitor.kt:210)
	at org.jetbrains.kotlin.backend.jvm.codegen.ExpressionCodegen.visitSetField(ExpressionCodegen.kt:860)
	at org.jetbrains.kotlin.backend.jvm.codegen.ExpressionCodegen.visitSetField(ExpressionCodegen.kt:134)
	at org.jetbrains.kotlin.ir.expressions.IrSetField.accept(IrSetField.kt:21)
	at org.jetbrains.kotlin.backend.jvm.codegen.ExpressionCodegen.visitStatementContainer(ExpressionCodegen.kt:524)
	at org.jetbrains.kotlin.backend.jvm.codegen.ExpressionCodegen.visitBlockBody(ExpressionCodegen.kt:529)
	at org.jetbrains.kotlin.backend.jvm.codegen.ExpressionCodegen.visitBlockBody(ExpressionCodegen.kt:134)
	at org.jetbrains.kotlin.ir.expressions.IrBlockBody.accept(IrBlockBody.kt:20)
	at org.jetbrains.kotlin.backend.jvm.codegen.ExpressionCodegen.generate(ExpressionCodegen.kt:236)
	at org.jetbrains.kotlin.backend.jvm.codegen.FunctionCodegen.doGenerate(FunctionCodegen.kt:124)
	at org.jetbrains.kotlin.backend.jvm.codegen.FunctionCodegen.generate(FunctionCodegen.kt:45)
	... 93 more


